// Jest Snapshot v1, https://goo.gl/fbAQLP

exports[`OverflowContainer applies tabIndex=0 when scrollable 1`] = `"<div class=\\"css-emotion\\" tabindex=\\"0\\"></div>"`;
